Loaded 3344 pre-funding rows (expect 3,344).

  [25/3344] unique_ids_so_far=24 failed=0 cost=$1.15
  [50/3344] unique_ids_so_far=38 failed=0 cost=$2.31
  [75/3344] unique_ids_so_far=62 failed=0 cost=$3.48
  [100/3344] unique_ids_so_far=87 failed=0 cost=$4.66
  [125/3344] unique_ids_so_far=111 failed=0 cost=$5.83
  [150/3344] unique_ids_so_far=136 failed=0 cost=$7.00
  [175/3344] unique_ids_so_far=160 failed=0 cost=$8.18
  [200/3344] unique_ids_so_far=183 failed=0 cost=$9.37
  [225/3344] unique_ids_so_far=208 failed=0 cost=$10.55
  [250/3344] unique_ids_so_far=232 failed=0 cost=$11.73
  [275/3344] unique_ids_so_far=257 failed=0 cost=$12.91
  [300/3344] unique_ids_so_far=279 failed=0 cost=$14.07
  [325/3344] unique_ids_so_far=302 failed=0 cost=$15.26
  [350/3344] unique_ids_so_far=327 failed=0 cost=$16.43
  [375/3344] unique_ids_so_far=352 failed=0 cost=$17.61
  [400/3344] unique_ids_so_far=377 failed=0 cost=$18.81
  [425/3344] unique_ids_so_far=400 failed=0 cost=$19.99
  [450/3344] unique_ids_so_far=425 failed=0 cost=$21.18
  [475/3344] unique_ids_so_far=449 failed=1 cost=$22.36
  [500/3344] unique_ids_so_far=473 failed=1 cost=$23.54
  [525/3344] unique_ids_so_far=494 failed=1 cost=$24.71
  [550/3344] unique_ids_so_far=518 failed=1 cost=$25.89
  [575/3344] unique_ids_so_far=538 failed=1 cost=$27.06
  [600/3344] unique_ids_so_far=561 failed=2 cost=$28.25
  [625/3344] unique_ids_so_far=586 failed=2 cost=$29.43
  [650/3344] unique_ids_so_far=611 failed=2 cost=$30.61
  [675/3344] unique_ids_so_far=636 failed=2 cost=$31.80
  [700/3344] unique_ids_so_far=661 failed=2 cost=$32.98
  [725/3344] unique_ids_so_far=686 failed=2 cost=$34.15
  [750/3344] unique_ids_so_far=710 failed=2 cost=$35.33
  [775/3344] unique_ids_so_far=734 failed=2 cost=$36.50
  [800/3344] unique_ids_so_far=759 failed=2 cost=$37.67
  [825/3344] unique_ids_so_far=782 failed=2 cost=$38.83
  [850/3344] unique_ids_so_far=807 failed=2 cost=$40.02
  [875/3344] unique_ids_so_far=832 failed=2 cost=$41.20
  [900/3344] unique_ids_so_far=855 failed=2 cost=$42.38
  [925/3344] unique_ids_so_far=879 failed=2 cost=$43.55
  [950/3344] unique_ids_so_far=904 failed=2 cost=$44.72
  [975/3344] unique_ids_so_far=927 failed=2 cost=$45.89
  [1000/3344] unique_ids_so_far=952 failed=2 cost=$47.07
  [1025/3344] unique_ids_so_far=977 failed=2 cost=$48.26
  [1050/3344] unique_ids_so_far=997 failed=3 cost=$49.45
  [1075/3344] unique_ids_so_far=1022 failed=3 cost=$50.64
  [1100/3344] unique_ids_so_far=1047 failed=3 cost=$51.82
  [1125/3344] unique_ids_so_far=1072 failed=3 cost=$52.99
  [1150/3344] unique_ids_so_far=1097 failed=3 cost=$54.17
  [1175/3344] unique_ids_so_far=1122 failed=3 cost=$55.34
  [1200/3344] unique_ids_so_far=1147 failed=3 cost=$56.52
  [1225/3344] unique_ids_so_far=1160 failed=3 cost=$57.71
  [1250/3344] unique_ids_so_far=1181 failed=3 cost=$58.87
  [1275/3344] unique_ids_so_far=1204 failed=3 cost=$60.05
  [1300/3344] unique_ids_so_far=1229 failed=3 cost=$61.23
  [1325/3344] unique_ids_so_far=1254 failed=3 cost=$62.41
  [1350/3344] unique_ids_so_far=1278 failed=3 cost=$63.59
  [1375/3344] unique_ids_so_far=1303 failed=3 cost=$64.77
  [1400/3344] unique_ids_so_far=1328 failed=3 cost=$65.94
  [1425/3344] unique_ids_so_far=1353 failed=3 cost=$67.13
  [1450/3344] unique_ids_so_far=1377 failed=3 cost=$68.31
  [1475/3344] unique_ids_so_far=1402 failed=3 cost=$69.47
  [1500/3344] unique_ids_so_far=1427 failed=3 cost=$70.65
  [1525/3344] unique_ids_so_far=1451 failed=3 cost=$71.82
  [1550/3344] unique_ids_so_far=1470 failed=3 cost=$72.99
  [1575/3344] unique_ids_so_far=1493 failed=3 cost=$74.16
  [1600/3344] unique_ids_so_far=1516 failed=3 cost=$75.34
  [1625/3344] unique_ids_so_far=1540 failed=3 cost=$76.52
  [1650/3344] unique_ids_so_far=1563 failed=3 cost=$77.69
  [1675/3344] unique_ids_so_far=1587 failed=3 cost=$78.86
  [1700/3344] unique_ids_so_far=1607 failed=3 cost=$80.02
  [1725/3344] unique_ids_so_far=1628 failed=3 cost=$81.20
  [1750/3344] unique_ids_so_far=1651 failed=3 cost=$82.36
  [1775/3344] unique_ids_so_far=1674 failed=3 cost=$83.53
  [1800/3344] unique_ids_so_far=1698 failed=3 cost=$84.73
  [1825/3344] unique_ids_so_far=1722 failed=3 cost=$85.93
  [1850/3344] unique_ids_so_far=1746 failed=3 cost=$87.11
  [1875/3344] unique_ids_so_far=1770 failed=4 cost=$88.29
  [1900/3344] unique_ids_so_far=1795 failed=4 cost=$89.48
  [1925/3344] unique_ids_so_far=1820 failed=4 cost=$90.66
  [1950/3344] unique_ids_so_far=1845 failed=4 cost=$91.85
  [1975/3344] unique_ids_so_far=1870 failed=4 cost=$93.04
  [2000/3344] unique_ids_so_far=1895 failed=4 cost=$94.23
  [2025/3344] unique_ids_so_far=1920 failed=4 cost=$95.42
  [2050/3344] unique_ids_so_far=1945 failed=4 cost=$96.61
  [2075/3344] unique_ids_so_far=1970 failed=4 cost=$97.79
  [2100/3344] unique_ids_so_far=1995 failed=4 cost=$98.97
  [2125/3344] unique_ids_so_far=2020 failed=4 cost=$100.15
  [2150/3344] unique_ids_so_far=2045 failed=4 cost=$101.33
  [2175/3344] unique_ids_so_far=2070 failed=4 cost=$102.52
  [2200/3344] unique_ids_so_far=2095 failed=4 cost=$103.72
  [2225/3344] unique_ids_so_far=2119 failed=5 cost=$104.90
  [2250/3344] unique_ids_so_far=2142 failed=5 cost=$106.09
  [2275/3344] unique_ids_so_far=2165 failed=5 cost=$107.27
  [2300/3344] unique_ids_so_far=2190 failed=5 cost=$108.46
  [2325/3344] unique_ids_so_far=2215 failed=5 cost=$109.65
  [2350/3344] unique_ids_so_far=2239 failed=5 cost=$110.84
  [2375/3344] unique_ids_so_far=2262 failed=5 cost=$112.01
  [2400/3344] unique_ids_so_far=2285 failed=5 cost=$113.19
  [2425/3344] unique_ids_so_far=2301 failed=5 cost=$114.36
  [2450/3344] unique_ids_so_far=2319 failed=5 cost=$115.53
  [2475/3344] unique_ids_so_far=2340 failed=5 cost=$116.71
  [2500/3344] unique_ids_so_far=2364 failed=5 cost=$117.88
  [2525/3344] unique_ids_so_far=2387 failed=5 cost=$119.05
  [2550/3344] unique_ids_so_far=2412 failed=5 cost=$120.22
  [2575/3344] unique_ids_so_far=2436 failed=5 cost=$121.38
  [2600/3344] unique_ids_so_far=2459 failed=5 cost=$122.55
  [2625/3344] unique_ids_so_far=2484 failed=5 cost=$123.73
  [2650/3344] unique_ids_so_far=2504 failed=5 cost=$124.91
  [2675/3344] unique_ids_so_far=2526 failed=5 cost=$126.08
  [2700/3344] unique_ids_so_far=2549 failed=5 cost=$127.25
  [2725/3344] unique_ids_so_far=2573 failed=5 cost=$128.42
  [2750/3344] unique_ids_so_far=2597 failed=5 cost=$129.60
  [2775/3344] unique_ids_so_far=2620 failed=5 cost=$130.78
  [2800/3344] unique_ids_so_far=2643 failed=5 cost=$131.95
  [2825/3344] unique_ids_so_far=2666 failed=5 cost=$133.12
  [2850/3344] unique_ids_so_far=2688 failed=6 cost=$134.30
  [2875/3344] unique_ids_so_far=2711 failed=6 cost=$135.46
  [2900/3344] unique_ids_so_far=2736 failed=6 cost=$136.64
  [2925/3344] unique_ids_so_far=2760 failed=6 cost=$137.82
  [2950/3344] unique_ids_so_far=2782 failed=6 cost=$139.00
  [2975/3344] unique_ids_so_far=2806 failed=6 cost=$140.17
  [3000/3344] unique_ids_so_far=2828 failed=6 cost=$141.34
  [3025/3344] unique_ids_so_far=2851 failed=6 cost=$142.52
  [3050/3344] unique_ids_so_far=2875 failed=6 cost=$143.69
  [3075/3344] unique_ids_so_far=2897 failed=6 cost=$144.87
  [3100/3344] unique_ids_so_far=2920 failed=6 cost=$146.05
  [3125/3344] unique_ids_so_far=2943 failed=6 cost=$147.22
  [3150/3344] unique_ids_so_far=2968 failed=6 cost=$148.41
  [3175/3344] unique_ids_so_far=2993 failed=6 cost=$149.59
  [3200/3344] unique_ids_so_far=3016 failed=6 cost=$150.77
  [3225/3344] unique_ids_so_far=3036 failed=6 cost=$151.95
  [3250/3344] unique_ids_so_far=3059 failed=6 cost=$153.13
  [3275/3344] unique_ids_so_far=3081 failed=6 cost=$154.31
  [3300/3344] unique_ids_so_far=3102 failed=6 cost=$155.48
  [3325/3344] unique_ids_so_far=3126 failed=6 cost=$156.66
  [3344/3344] unique_ids_so_far=3144 failed=6 cost=$157.56

Unique check IDs from pre-funding rows: 3144
  Also present in main ruleset (exclude these): 2490
  Not matched in main ruleset (unexpected, worth a look): 654
Real cost: $157.56  |  Elapsed: 21.3 min

[written] /Users/gordonchan/Workspace/demo-sites/mortgage-qc-prod/p0/compile_runs/run_009_prefunding_exclusion/prefunding_check_ids.json
[written] /Users/gordonchan/Workspace/demo-sites/mortgage-qc-prod/result/rules/prefunding_check_ids.json (NEW file -- comprehensive_ruleset.json untouched)
