
Loaded 5365 rows from scope.
Compiling to JSON in chunks of 500.

Chunk 1: rows 1–500 (500 rows)...
  Chunk 1, Batch 1/10: 50 rows, 48 compiled, cost $2.2667
  Chunk 1, Batch 2/10: 50 rows, 50 compiled, cost $2.2352
  Chunk 1, Batch 3/10: 50 rows, 50 compiled, cost $2.2650
  Chunk 1, Batch 4/10: 50 rows, 49 compiled, cost $2.2772
  Chunk 1, Batch 5/10: 50 rows, 48 compiled, cost $2.2760
  Chunk 1, Batch 6/10: 50 rows, 49 compiled, cost $2.2729
  Chunk 1, Batch 7/10: 50 rows, 50 compiled, cost $2.2549
  Chunk 1, Batch 8/10: 50 rows, 50 compiled, cost $2.2417
  Chunk 1, Batch 9/10: 50 rows, 50 compiled, cost $2.2341
  Chunk 1, Batch 10/10: 50 rows, 49 compiled, cost $2.2558
  ✓ Chunk 1 complete: 493 rules generated

Chunk 2: rows 501–1000 (500 rows)...
  Chunk 2, Batch 1/10: 50 rows, 50 compiled, cost $2.2495
  Chunk 2, Batch 2/10: 50 rows, 49 compiled, cost $2.2802
  Chunk 2, Batch 3/10: 50 rows, 50 compiled, cost $2.2632
  Chunk 2, Batch 4/10: 50 rows, 50 compiled, cost $2.2654
  Chunk 2, Batch 5/10: 50 rows, 50 compiled, cost $2.2622
