
Loaded 8442 rows (all programs, all sheets).
Compiling with 20 parallel workers.

  [25/8442] compiled=25 failed=0 unspecified=0 cost=$1.14
  [50/8442] compiled=50 failed=0 unspecified=0 cost=$2.30
  [75/8442] compiled=75 failed=0 unspecified=5 cost=$3.47
  [100/8442] compiled=100 failed=0 unspecified=5 cost=$4.61
  [125/8442] compiled=125 failed=0 unspecified=6 cost=$5.77
  [150/8442] compiled=150 failed=0 unspecified=6 cost=$6.93
  [175/8442] compiled=175 failed=0 unspecified=6 cost=$8.07
  [200/8442] compiled=200 failed=0 unspecified=8 cost=$9.23
  [225/8442] compiled=225 failed=0 unspecified=15 cost=$10.40
  [250/8442] compiled=249 failed=1 unspecified=17 cost=$11.55
  [checkpoint] 249 real Check objects written to /Users/gordonchan/Workspace/demo-sites/mortgage-qc-prod/p0/compile_runs/run_008_comprehensive_8442/ruleset_checkpoint.json
  [275/8442] compiled=274 failed=1 unspecified=18 cost=$12.70
  [300/8442] compiled=299 failed=1 unspecified=18 cost=$13.85
  [325/8442] compiled=324 failed=1 unspecified=18 cost=$15.03
  [350/8442] compiled=349 failed=1 unspecified=19 cost=$16.21
  [375/8442] compiled=374 failed=1 unspecified=19 cost=$17.38
  [400/8442] compiled=399 failed=1 unspecified=19 cost=$18.56
  [425/8442] compiled=424 failed=1 unspecified=19 cost=$19.72
  [450/8442] compiled=449 failed=1 unspecified=21 cost=$20.88
  [475/8442] compiled=474 failed=1 unspecified=22 cost=$22.04
  [500/8442] compiled=499 failed=1 unspecified=22 cost=$23.21
  [checkpoint] 499 real Check objects written to /Users/gordonchan/Workspace/demo-sites/mortgage-qc-prod/p0/compile_runs/run_008_comprehensive_8442/ruleset_checkpoint.json
  [525/8442] compiled=524 failed=1 unspecified=23 cost=$24.38
  [550/8442] compiled=549 failed=1 unspecified=23 cost=$25.54
  [575/8442] compiled=573 failed=2 unspecified=24 cost=$26.71
  [600/8442] compiled=598 failed=2 unspecified=24 cost=$27.87
  [625/8442] compiled=623 failed=2 unspecified=24 cost=$29.00
  [650/8442] compiled=648 failed=2 unspecified=24 cost=$30.15
  [675/8442] compiled=673 failed=2 unspecified=25 cost=$31.31
  [700/8442] compiled=698 failed=2 unspecified=26 cost=$32.47
  [725/8442] compiled=723 failed=2 unspecified=26 cost=$33.62
  [750/8442] compiled=748 failed=2 unspecified=26 cost=$34.77
  [checkpoint] 748 real Check objects written to /Users/gordonchan/Workspace/demo-sites/mortgage-qc-prod/p0/compile_runs/run_008_comprehensive_8442/ruleset_checkpoint.json
  [775/8442] compiled=773 failed=2 unspecified=28 cost=$35.92
  [800/8442] compiled=798 failed=2 unspecified=28 cost=$37.06
  [825/8442] compiled=823 failed=2 unspecified=35 cost=$38.24
  [850/8442] compiled=848 failed=2 unspecified=39 cost=$39.41
  [875/8442] compiled=873 failed=2 unspecified=39 cost=$40.58
  [900/8442] compiled=898 failed=2 unspecified=39 cost=$41.74
  [925/8442] compiled=922 failed=3 unspecified=39 cost=$42.89
  [950/8442] compiled=947 failed=3 unspecified=39 cost=$44.05
  [975/8442] compiled=971 failed=4 unspecified=39 cost=$45.21
  [1000/8442] compiled=996 failed=4 unspecified=40 cost=$46.38
  [checkpoint] 996 real Check objects written to /Users/gordonchan/Workspace/demo-sites/mortgage-qc-prod/p0/compile_runs/run_008_comprehensive_8442/ruleset_checkpoint.json
  [1025/8442] compiled=1020 failed=5 unspecified=40 cost=$47.54
  [1050/8442] compiled=1045 failed=5 unspecified=40 cost=$48.70
  [1075/8442] compiled=1070 failed=5 unspecified=40 cost=$49.85
  [1100/8442] compiled=1095 failed=5 unspecified=40 cost=$51.00
  [1125/8442] compiled=1120 failed=5 unspecified=40 cost=$52.15
  [1150/8442] compiled=1145 failed=5 unspecified=40 cost=$53.30
  [1175/8442] compiled=1170 failed=5 unspecified=40 cost=$54.46
  [1200/8442] compiled=1195 failed=5 unspecified=40 cost=$55.61
  [1225/8442] compiled=1220 failed=5 unspecified=40 cost=$56.74
  [1250/8442] compiled=1245 failed=5 unspecified=40 cost=$57.89
  [checkpoint] 1245 real Check objects written to /Users/gordonchan/Workspace/demo-sites/mortgage-qc-prod/p0/compile_runs/run_008_comprehensive_8442/ruleset_checkpoint.json
  [1275/8442] compiled=1270 failed=5 unspecified=40 cost=$59.04
  [1300/8442] compiled=1293 failed=7 unspecified=40 cost=$60.20
  [1325/8442] compiled=1318 failed=7 unspecified=42 cost=$61.36
  [1350/8442] compiled=1343 failed=7 unspecified=43 cost=$62.53
  [1375/8442] compiled=1368 failed=7 unspecified=44 cost=$63.70
  [1400/8442] compiled=1393 failed=7 unspecified=45 cost=$64.86
  [1425/8442] compiled=1418 failed=7 unspecified=47 cost=$66.05
  [1450/8442] compiled=1443 failed=7 unspecified=51 cost=$67.22
  [1475/8442] compiled=1468 failed=7 unspecified=53 cost=$68.39
  [1500/8442] compiled=1493 failed=7 unspecified=53 cost=$69.57
  [checkpoint] 1493 real Check objects written to /Users/gordonchan/Workspace/demo-sites/mortgage-qc-prod/p0/compile_runs/run_008_comprehensive_8442/ruleset_checkpoint.json
  [1525/8442] compiled=1518 failed=7 unspecified=54 cost=$70.73
  [1550/8442] compiled=1543 failed=7 unspecified=55 cost=$71.89
  [1575/8442] compiled=1568 failed=7 unspecified=56 cost=$73.07
  [1600/8442] compiled=1593 failed=7 unspecified=57 cost=$74.24
  [1625/8442] compiled=1618 failed=7 unspecified=57 cost=$75.41
  [1650/8442] compiled=1642 failed=8 unspecified=58 cost=$76.55
  [1675/8442] compiled=1667 failed=8 unspecified=59 cost=$77.72
  [1700/8442] compiled=1692 failed=8 unspecified=59 cost=$78.88
  [1725/8442] compiled=1717 failed=8 unspecified=60 cost=$80.04
  [1750/8442] compiled=1742 failed=8 unspecified=62 cost=$81.21
  [checkpoint] 1742 real Check objects written to /Users/gordonchan/Workspace/demo-sites/mortgage-qc-prod/p0/compile_runs/run_008_comprehensive_8442/ruleset_checkpoint.json
  [1775/8442] compiled=1767 failed=8 unspecified=68 cost=$82.40
  [1800/8442] compiled=1791 failed=9 unspecified=72 cost=$83.57
  [1825/8442] compiled=1816 failed=9 unspecified=73 cost=$84.75
  [1850/8442] compiled=1840 failed=10 unspecified=78 cost=$85.92
  [1875/8442] compiled=1865 failed=10 unspecified=81 cost=$87.09
  [1900/8442] compiled=1890 failed=10 unspecified=86 cost=$88.26
  [1925/8442] compiled=1915 failed=10 unspecified=88 cost=$89.44
  [1950/8442] compiled=1940 failed=10 unspecified=95 cost=$90.60
  [1975/8442] compiled=1964 failed=11 unspecified=100 cost=$91.77
  [2000/8442] compiled=1989 failed=11 unspecified=102 cost=$92.95
  [checkpoint] 1989 real Check objects written to /Users/gordonchan/Workspace/demo-sites/mortgage-qc-prod/p0/compile_runs/run_008_comprehensive_8442/ruleset_checkpoint.json
  [2025/8442] compiled=2013 failed=12 unspecified=103 cost=$94.13
  [2050/8442] compiled=2037 failed=13 unspecified=105 cost=$95.31
  [2075/8442] compiled=2062 failed=13 unspecified=107 cost=$96.48
  [2100/8442] compiled=2086 failed=14 unspecified=108 cost=$97.65
  [2125/8442] compiled=2111 failed=14 unspecified=110 cost=$98.81
  [2150/8442] compiled=2136 failed=14 unspecified=110 cost=$99.98
  [2175/8442] compiled=2161 failed=14 unspecified=110 cost=$101.13
  [2200/8442] compiled=2186 failed=14 unspecified=110 cost=$102.29
  [2225/8442] compiled=2211 failed=14 unspecified=112 cost=$103.46
  [2250/8442] compiled=2236 failed=14 unspecified=112 cost=$104.63
  [checkpoint] 2236 real Check objects written to /Users/gordonchan/Workspace/demo-sites/mortgage-qc-prod/p0/compile_runs/run_008_comprehensive_8442/ruleset_checkpoint.json
  [2275/8442] compiled=2261 failed=14 unspecified=112 cost=$105.82
  [2300/8442] compiled=2286 failed=14 unspecified=112 cost=$106.99
  [2325/8442] compiled=2311 failed=14 unspecified=112 cost=$108.15
  [2350/8442] compiled=2336 failed=14 unspecified=114 cost=$109.32
  [2375/8442] compiled=2361 failed=14 unspecified=115 cost=$110.49
  [2400/8442] compiled=2386 failed=14 unspecified=117 cost=$111.65
  [2425/8442] compiled=2411 failed=14 unspecified=118 cost=$112.80
  [2450/8442] compiled=2436 failed=14 unspecified=120 cost=$113.96
  [2475/8442] compiled=2461 failed=14 unspecified=121 cost=$115.12
  [2500/8442] compiled=2486 failed=14 unspecified=123 cost=$116.28
  [checkpoint] 2486 real Check objects written to /Users/gordonchan/Workspace/demo-sites/mortgage-qc-prod/p0/compile_runs/run_008_comprehensive_8442/ruleset_checkpoint.json
  [2525/8442] compiled=2511 failed=14 unspecified=124 cost=$117.45
  [2550/8442] compiled=2536 failed=14 unspecified=125 cost=$118.60
  [2575/8442] compiled=2561 failed=14 unspecified=125 cost=$119.79
  [2600/8442] compiled=2586 failed=14 unspecified=125 cost=$120.98
  [2625/8442] compiled=2611 failed=14 unspecified=126 cost=$122.16
  [2650/8442] compiled=2636 failed=14 unspecified=128 cost=$123.33
  [2675/8442] compiled=2661 failed=14 unspecified=132 cost=$124.50
  [2700/8442] compiled=2686 failed=14 unspecified=133 cost=$125.66
  [2725/8442] compiled=2711 failed=14 unspecified=134 cost=$126.83
  [2750/8442] compiled=2736 failed=14 unspecified=136 cost=$128.00
  [checkpoint] 2736 real Check objects written to /Users/gordonchan/Workspace/demo-sites/mortgage-qc-prod/p0/compile_runs/run_008_comprehensive_8442/ruleset_checkpoint.json
  [2775/8442] compiled=2761 failed=14 unspecified=137 cost=$129.18
  [2800/8442] compiled=2786 failed=14 unspecified=137 cost=$130.34
  [2825/8442] compiled=2811 failed=14 unspecified=139 cost=$131.50
  [2850/8442] compiled=2836 failed=14 unspecified=139 cost=$132.67
  [2875/8442] compiled=2861 failed=14 unspecified=142 cost=$133.84
  [2900/8442] compiled=2886 failed=14 unspecified=143 cost=$135.00
  [2925/8442] compiled=2911 failed=14 unspecified=143 cost=$136.18
  [2950/8442] compiled=2936 failed=14 unspecified=144 cost=$137.35
  [2975/8442] compiled=2961 failed=14 unspecified=144 cost=$138.52
  [3000/8442] compiled=2986 failed=14 unspecified=145 cost=$139.69
  [checkpoint] 2986 real Check objects written to /Users/gordonchan/Workspace/demo-sites/mortgage-qc-prod/p0/compile_runs/run_008_comprehensive_8442/ruleset_checkpoint.json
  [3025/8442] compiled=3011 failed=14 unspecified=146 cost=$140.86
  [3050/8442] compiled=3036 failed=14 unspecified=146 cost=$142.02
  [3075/8442] compiled=3061 failed=14 unspecified=146 cost=$143.18
  [3100/8442] compiled=3086 failed=14 unspecified=147 cost=$144.34
  [3125/8442] compiled=3111 failed=14 unspecified=148 cost=$145.50
  [3150/8442] compiled=3136 failed=14 unspecified=149 cost=$146.66
  [3175/8442] compiled=3161 failed=14 unspecified=150 cost=$147.81
  [3200/8442] compiled=3186 failed=14 unspecified=150 cost=$148.98
  [3225/8442] compiled=3210 failed=15 unspecified=150 cost=$150.14
  [3250/8442] compiled=3235 failed=15 unspecified=154 cost=$151.31
  [checkpoint] 3235 real Check objects written to /Users/gordonchan/Workspace/demo-sites/mortgage-qc-prod/p0/compile_runs/run_008_comprehensive_8442/ruleset_checkpoint.json
  [3275/8442] compiled=3260 failed=15 unspecified=157 cost=$152.47
  [3300/8442] compiled=3285 failed=15 unspecified=157 cost=$153.63
  [3325/8442] compiled=3310 failed=15 unspecified=157 cost=$154.79
  [3350/8442] compiled=3335 failed=15 unspecified=157 cost=$155.95
  [3375/8442] compiled=3360 failed=15 unspecified=157 cost=$157.10
  [3400/8442] compiled=3385 failed=15 unspecified=157 cost=$158.27
  [3425/8442] compiled=3410 failed=15 unspecified=157 cost=$159.42
  [3450/8442] compiled=3434 failed=16 unspecified=158 cost=$160.57
  [3475/8442] compiled=3458 failed=17 unspecified=161 cost=$161.74
  [3500/8442] compiled=3483 failed=17 unspecified=166 cost=$162.94
  [checkpoint] 3483 real Check objects written to /Users/gordonchan/Workspace/demo-sites/mortgage-qc-prod/p0/compile_runs/run_008_comprehensive_8442/ruleset_checkpoint.json
  [3525/8442] compiled=3508 failed=17 unspecified=170 cost=$164.12
  [3550/8442] compiled=3532 failed=18 unspecified=173 cost=$165.29
  [3575/8442] compiled=3557 failed=18 unspecified=174 cost=$166.46
  [3600/8442] compiled=3582 failed=18 unspecified=179 cost=$167.64
  [3625/8442] compiled=3607 failed=18 unspecified=181 cost=$168.81
  [3650/8442] compiled=3631 failed=19 unspecified=182 cost=$170.00
  [3675/8442] compiled=3656 failed=19 unspecified=185 cost=$171.17
  [3700/8442] compiled=3681 failed=19 unspecified=186 cost=$172.35
  [3725/8442] compiled=3706 failed=19 unspecified=189 cost=$173.53
  [3750/8442] compiled=3730 failed=20 unspecified=192 cost=$174.70
  [checkpoint] 3730 real Check objects written to /Users/gordonchan/Workspace/demo-sites/mortgage-qc-prod/p0/compile_runs/run_008_comprehensive_8442/ruleset_checkpoint.json
  [3775/8442] compiled=3755 failed=20 unspecified=193 cost=$175.88
  [3800/8442] compiled=3780 failed=20 unspecified=195 cost=$177.06
  [3825/8442] compiled=3805 failed=20 unspecified=196 cost=$178.23
  [3850/8442] compiled=3829 failed=21 unspecified=198 cost=$179.41
  [3875/8442] compiled=3854 failed=21 unspecified=199 cost=$180.58
  [3900/8442] compiled=3879 failed=21 unspecified=201 cost=$181.77
  [3925/8442] compiled=3904 failed=21 unspecified=203 cost=$182.96
  [3950/8442] compiled=3929 failed=21 unspecified=205 cost=$184.13
  [3975/8442] compiled=3954 failed=21 unspecified=205 cost=$185.30
  [4000/8442] compiled=3978 failed=22 unspecified=208 cost=$186.48
  [checkpoint] 3978 real Check objects written to /Users/gordonchan/Workspace/demo-sites/mortgage-qc-prod/p0/compile_runs/run_008_comprehensive_8442/ruleset_checkpoint.json
  [4025/8442] compiled=4003 failed=22 unspecified=211 cost=$187.66
  [4050/8442] compiled=4028 failed=22 unspecified=211 cost=$188.85
  [4075/8442] compiled=4053 failed=22 unspecified=212 cost=$190.04
  [4100/8442] compiled=4078 failed=22 unspecified=213 cost=$191.21
  [4125/8442] compiled=4103 failed=22 unspecified=215 cost=$192.38
  [4150/8442] compiled=4128 failed=22 unspecified=215 cost=$193.54
  [4175/8442] compiled=4153 failed=22 unspecified=215 cost=$194.70
  [4200/8442] compiled=4178 failed=22 unspecified=215 cost=$195.86
  [4225/8442] compiled=4203 failed=22 unspecified=215 cost=$197.02
  [4250/8442] compiled=4228 failed=22 unspecified=215 cost=$198.20
  [checkpoint] 4228 real Check objects written to /Users/gordonchan/Workspace/demo-sites/mortgage-qc-prod/p0/compile_runs/run_008_comprehensive_8442/ruleset_checkpoint.json
  [4275/8442] compiled=4253 failed=22 unspecified=215 cost=$199.35
  [4300/8442] compiled=4278 failed=22 unspecified=217 cost=$200.51
  [4325/8442] compiled=4303 failed=22 unspecified=218 cost=$201.67
  [4350/8442] compiled=4328 failed=22 unspecified=218 cost=$202.84
  [4375/8442] compiled=4353 failed=22 unspecified=219 cost=$204.01
  [4400/8442] compiled=4378 failed=22 unspecified=220 cost=$205.19
  [4425/8442] compiled=4403 failed=22 unspecified=220 cost=$206.35
  [4450/8442] compiled=4428 failed=22 unspecified=220 cost=$207.52
  [4475/8442] compiled=4453 failed=22 unspecified=220 cost=$208.68
  [4500/8442] compiled=4477 failed=23 unspecified=220 cost=$209.85
  [checkpoint] 4477 real Check objects written to /Users/gordonchan/Workspace/demo-sites/mortgage-qc-prod/p0/compile_runs/run_008_comprehensive_8442/ruleset_checkpoint.json
  [4525/8442] compiled=4502 failed=23 unspecified=220 cost=$211.02
  [4550/8442] compiled=4527 failed=23 unspecified=220 cost=$212.19
  [4575/8442] compiled=4552 failed=23 unspecified=220 cost=$213.35
  [4600/8442] compiled=4577 failed=23 unspecified=220 cost=$214.51
  [4625/8442] compiled=4601 failed=24 unspecified=221 cost=$215.68
  [4650/8442] compiled=4626 failed=24 unspecified=221 cost=$216.85
  [4675/8442] compiled=4651 failed=24 unspecified=222 cost=$218.02
  [4700/8442] compiled=4676 failed=24 unspecified=228 cost=$219.19
  [4725/8442] compiled=4701 failed=24 unspecified=230 cost=$220.35
  [4750/8442] compiled=4726 failed=24 unspecified=233 cost=$221.51
  [checkpoint] 4726 real Check objects written to /Users/gordonchan/Workspace/demo-sites/mortgage-qc-prod/p0/compile_runs/run_008_comprehensive_8442/ruleset_checkpoint.json
  [4775/8442] compiled=4751 failed=24 unspecified=237 cost=$222.68
  [4800/8442] compiled=4776 failed=24 unspecified=238 cost=$223.84
  [4825/8442] compiled=4801 failed=24 unspecified=239 cost=$225.02
  [4850/8442] compiled=4826 failed=24 unspecified=241 cost=$226.20
  [4875/8442] compiled=4851 failed=24 unspecified=243 cost=$227.36
  [4900/8442] compiled=4876 failed=24 unspecified=255 cost=$228.54
  [4925/8442] compiled=4901 failed=24 unspecified=259 cost=$229.72
  [4950/8442] compiled=4926 failed=24 unspecified=263 cost=$230.88
  [4975/8442] compiled=4951 failed=24 unspecified=265 cost=$232.06
  [5000/8442] compiled=4976 failed=24 unspecified=266 cost=$233.23
  [checkpoint] 4976 real Check objects written to /Users/gordonchan/Workspace/demo-sites/mortgage-qc-prod/p0/compile_runs/run_008_comprehensive_8442/ruleset_checkpoint.json
  [5025/8442] compiled=5001 failed=24 unspecified=269 cost=$234.40
  [5050/8442] compiled=5026 failed=24 unspecified=271 cost=$235.57
  [5075/8442] compiled=5051 failed=24 unspecified=272 cost=$236.73
  [5100/8442] compiled=5076 failed=24 unspecified=272 cost=$237.90
  [5125/8442] compiled=5101 failed=24 unspecified=273 cost=$239.05
  [5150/8442] compiled=5126 failed=24 unspecified=273 cost=$240.21
  [5175/8442] compiled=5151 failed=24 unspecified=275 cost=$241.37
  [5200/8442] compiled=5176 failed=24 unspecified=275 cost=$242.54
  [5225/8442] compiled=5201 failed=24 unspecified=276 cost=$243.70
  [5250/8442] compiled=5226 failed=24 unspecified=278 cost=$244.87
  [checkpoint] 5226 real Check objects written to /Users/gordonchan/Workspace/demo-sites/mortgage-qc-prod/p0/compile_runs/run_008_comprehensive_8442/ruleset_checkpoint.json
  [5275/8442] compiled=5251 failed=24 unspecified=280 cost=$246.05
  [5300/8442] compiled=5276 failed=24 unspecified=283 cost=$247.22
  [5325/8442] compiled=5301 failed=24 unspecified=285 cost=$248.40
  [5350/8442] compiled=5326 failed=24 unspecified=286 cost=$249.57
  [5375/8442] compiled=5350 failed=25 unspecified=287 cost=$250.74
  [5400/8442] compiled=5375 failed=25 unspecified=288 cost=$251.89
  [5425/8442] compiled=5400 failed=25 unspecified=289 cost=$253.07
  [5450/8442] compiled=5425 failed=25 unspecified=291 cost=$254.24
  [5475/8442] compiled=5450 failed=25 unspecified=296 cost=$255.41
  [5500/8442] compiled=5475 failed=25 unspecified=303 cost=$256.60
  [checkpoint] 5475 real Check objects written to /Users/gordonchan/Workspace/demo-sites/mortgage-qc-prod/p0/compile_runs/run_008_comprehensive_8442/ruleset_checkpoint.json
  [5525/8442] compiled=5500 failed=25 unspecified=303 cost=$257.77
  [5550/8442] compiled=5525 failed=25 unspecified=308 cost=$258.95
  [5575/8442] compiled=5550 failed=25 unspecified=311 cost=$260.12
  [5600/8442] compiled=5575 failed=25 unspecified=316 cost=$261.29
  [5625/8442] compiled=5600 failed=25 unspecified=318 cost=$262.46
  [5650/8442] compiled=5625 failed=25 unspecified=324 cost=$263.64
  [5675/8442] compiled=5649 failed=26 unspecified=326 cost=$264.79
  [5700/8442] compiled=5674 failed=26 unspecified=330 cost=$265.97
  [5725/8442] compiled=5699 failed=26 unspecified=331 cost=$267.15
  [5750/8442] compiled=5723 failed=27 unspecified=332 cost=$268.32
  [checkpoint] 5723 real Check objects written to /Users/gordonchan/Workspace/demo-sites/mortgage-qc-prod/p0/compile_runs/run_008_comprehensive_8442/ruleset_checkpoint.json
  [5775/8442] compiled=5748 failed=27 unspecified=336 cost=$269.50
  [5800/8442] compiled=5773 failed=27 unspecified=337 cost=$270.68
  [5825/8442] compiled=5797 failed=28 unspecified=340 cost=$271.84
  [5850/8442] compiled=5822 failed=28 unspecified=340 cost=$273.00
  [5875/8442] compiled=5846 failed=29 unspecified=340 cost=$274.17
  [5900/8442] compiled=5871 failed=29 unspecified=341 cost=$275.33
  [5925/8442] compiled=5896 failed=29 unspecified=343 cost=$276.49
  [5950/8442] compiled=5921 failed=29 unspecified=343 cost=$277.66
  [5975/8442] compiled=5946 failed=29 unspecified=343 cost=$278.84
  [6000/8442] compiled=5971 failed=29 unspecified=343 cost=$280.01
  [checkpoint] 5971 real Check objects written to /Users/gordonchan/Workspace/demo-sites/mortgage-qc-prod/p0/compile_runs/run_008_comprehensive_8442/ruleset_checkpoint.json
  [6025/8442] compiled=5996 failed=29 unspecified=344 cost=$281.17
  [6050/8442] compiled=6021 failed=29 unspecified=346 cost=$282.33
  [6075/8442] compiled=6046 failed=29 unspecified=348 cost=$283.49
  [6100/8442] compiled=6071 failed=29 unspecified=349 cost=$284.66
  [6125/8442] compiled=6096 failed=29 unspecified=349 cost=$285.85
  [6150/8442] compiled=6121 failed=29 unspecified=350 cost=$287.04
  [6175/8442] compiled=6146 failed=29 unspecified=352 cost=$288.22
  [6200/8442] compiled=6171 failed=29 unspecified=357 cost=$289.39
  [6225/8442] compiled=6196 failed=29 unspecified=358 cost=$290.55
  [6250/8442] compiled=6221 failed=29 unspecified=359 cost=$291.72
  [checkpoint] 6221 real Check objects written to /Users/gordonchan/Workspace/demo-sites/mortgage-qc-prod/p0/compile_runs/run_008_comprehensive_8442/ruleset_checkpoint.json
  [6275/8442] compiled=6246 failed=29 unspecified=360 cost=$292.88
  [6300/8442] compiled=6271 failed=29 unspecified=361 cost=$294.05
  [6325/8442] compiled=6296 failed=29 unspecified=362 cost=$295.23
  [6350/8442] compiled=6321 failed=29 unspecified=363 cost=$296.38
  [6375/8442] compiled=6346 failed=29 unspecified=364 cost=$297.55
  [6400/8442] compiled=6371 failed=29 unspecified=364 cost=$298.72
  [6425/8442] compiled=6395 failed=30 unspecified=366 cost=$299.89
  [6450/8442] compiled=6420 failed=30 unspecified=366 cost=$301.06
  [6475/8442] compiled=6445 failed=30 unspecified=367 cost=$302.23
  [6500/8442] compiled=6470 failed=30 unspecified=367 cost=$303.40
  [checkpoint] 6470 real Check objects written to /Users/gordonchan/Workspace/demo-sites/mortgage-qc-prod/p0/compile_runs/run_008_comprehensive_8442/ruleset_checkpoint.json
  [6525/8442] compiled=6495 failed=30 unspecified=368 cost=$304.57
  [6550/8442] compiled=6520 failed=30 unspecified=369 cost=$305.74
  [6575/8442] compiled=6545 failed=30 unspecified=369 cost=$306.90
  [6600/8442] compiled=6570 failed=30 unspecified=369 cost=$308.06
  [6625/8442] compiled=6595 failed=30 unspecified=369 cost=$309.22
  [6650/8442] compiled=6620 failed=30 unspecified=370 cost=$310.38
  [6675/8442] compiled=6645 failed=30 unspecified=373 cost=$311.55
  [6700/8442] compiled=6670 failed=30 unspecified=373 cost=$312.71
  [6725/8442] compiled=6694 failed=31 unspecified=375 cost=$313.88
  [6750/8442] compiled=6719 failed=31 unspecified=379 cost=$315.04
  [checkpoint] 6719 real Check objects written to /Users/gordonchan/Workspace/demo-sites/mortgage-qc-prod/p0/compile_runs/run_008_comprehensive_8442/ruleset_checkpoint.json
  [6775/8442] compiled=6744 failed=31 unspecified=381 cost=$316.19
  [6800/8442] compiled=6769 failed=31 unspecified=381 cost=$317.35
  [6825/8442] compiled=6794 failed=31 unspecified=381 cost=$318.52
  [6850/8442] compiled=6819 failed=31 unspecified=381 cost=$319.68
  [6875/8442] compiled=6844 failed=31 unspecified=381 cost=$320.84
  [6900/8442] compiled=6868 failed=32 unspecified=387 cost=$322.03
  [6925/8442] compiled=6893 failed=32 unspecified=391 cost=$323.22
  [6950/8442] compiled=6917 failed=33 unspecified=394 cost=$324.39
  [6975/8442] compiled=6942 failed=33 unspecified=397 cost=$325.56
  [7000/8442] compiled=6967 failed=33 unspecified=403 cost=$326.75
  [checkpoint] 6967 real Check objects written to /Users/gordonchan/Workspace/demo-sites/mortgage-qc-prod/p0/compile_runs/run_008_comprehensive_8442/ruleset_checkpoint.json
  [7025/8442] compiled=6992 failed=33 unspecified=403 cost=$327.92
  [7050/8442] compiled=7017 failed=33 unspecified=406 cost=$329.11
  [7075/8442] compiled=7042 failed=33 unspecified=409 cost=$330.28
  [7100/8442] compiled=7067 failed=33 unspecified=409 cost=$331.46
  [7125/8442] compiled=7092 failed=33 unspecified=415 cost=$332.64
  [7150/8442] compiled=7117 failed=33 unspecified=415 cost=$333.82
  [7175/8442] compiled=7142 failed=33 unspecified=418 cost=$335.00
  [7200/8442] compiled=7167 failed=33 unspecified=419 cost=$336.17
  [7225/8442] compiled=7192 failed=33 unspecified=421 cost=$337.34
  [7250/8442] compiled=7217 failed=33 unspecified=423 cost=$338.52
  [checkpoint] 7217 real Check objects written to /Users/gordonchan/Workspace/demo-sites/mortgage-qc-prod/p0/compile_runs/run_008_comprehensive_8442/ruleset_checkpoint.json
  [7275/8442] compiled=7242 failed=33 unspecified=424 cost=$339.70
  [7300/8442] compiled=7266 failed=34 unspecified=426 cost=$340.88
  [7325/8442] compiled=7291 failed=34 unspecified=428 cost=$342.06
  [7350/8442] compiled=7316 failed=34 unspecified=430 cost=$343.24
  [7375/8442] compiled=7341 failed=34 unspecified=432 cost=$344.41
  [7400/8442] compiled=7366 failed=34 unspecified=433 cost=$345.60
  [7425/8442] compiled=7391 failed=34 unspecified=434 cost=$346.78
  [7450/8442] compiled=7416 failed=34 unspecified=434 cost=$347.97
  [7475/8442] compiled=7441 failed=34 unspecified=434 cost=$349.13
  [7500/8442] compiled=7466 failed=34 unspecified=436 cost=$350.30
  [checkpoint] 7466 real Check objects written to /Users/gordonchan/Workspace/demo-sites/mortgage-qc-prod/p0/compile_runs/run_008_comprehensive_8442/ruleset_checkpoint.json
  [7525/8442] compiled=7491 failed=34 unspecified=436 cost=$351.46
  [7550/8442] compiled=7516 failed=34 unspecified=436 cost=$352.62
  [7575/8442] compiled=7541 failed=34 unspecified=436 cost=$353.79
  [7600/8442] compiled=7566 failed=34 unspecified=436 cost=$354.96
  [7625/8442] compiled=7591 failed=34 unspecified=436 cost=$356.12
  [7650/8442] compiled=7616 failed=34 unspecified=437 cost=$357.27
  [7675/8442] compiled=7641 failed=34 unspecified=437 cost=$358.43
  [7700/8442] compiled=7666 failed=34 unspecified=438 cost=$359.59
  [7725/8442] compiled=7691 failed=34 unspecified=438 cost=$360.76
  [7750/8442] compiled=7716 failed=34 unspecified=439 cost=$361.94
  [checkpoint] 7716 real Check objects written to /Users/gordonchan/Workspace/demo-sites/mortgage-qc-prod/p0/compile_runs/run_008_comprehensive_8442/ruleset_checkpoint.json
  [7775/8442] compiled=7741 failed=34 unspecified=439 cost=$363.10
  [7800/8442] compiled=7766 failed=34 unspecified=439 cost=$364.27
  [7825/8442] compiled=7791 failed=34 unspecified=439 cost=$365.43
  [7850/8442] compiled=7814 failed=36 unspecified=439 cost=$366.59
  [7875/8442] compiled=7839 failed=36 unspecified=439 cost=$367.77
  [7900/8442] compiled=7864 failed=36 unspecified=439 cost=$368.93
  [7925/8442] compiled=7889 failed=36 unspecified=439 cost=$370.09
  [7950/8442] compiled=7914 failed=36 unspecified=439 cost=$371.26
  [7975/8442] compiled=7939 failed=36 unspecified=440 cost=$372.42
  [8000/8442] compiled=7964 failed=36 unspecified=440 cost=$373.60
  [checkpoint] 7964 real Check objects written to /Users/gordonchan/Workspace/demo-sites/mortgage-qc-prod/p0/compile_runs/run_008_comprehensive_8442/ruleset_checkpoint.json
  [8025/8442] compiled=7989 failed=36 unspecified=441 cost=$374.77
  [8050/8442] compiled=8014 failed=36 unspecified=448 cost=$375.94
  [8075/8442] compiled=8039 failed=36 unspecified=450 cost=$377.11
  [8100/8442] compiled=8063 failed=37 unspecified=454 cost=$378.27
  [8125/8442] compiled=8088 failed=37 unspecified=459 cost=$379.44
  [8150/8442] compiled=8113 failed=37 unspecified=459 cost=$380.60
  [8175/8442] compiled=8138 failed=37 unspecified=461 cost=$381.78
  [8200/8442] compiled=8163 failed=37 unspecified=462 cost=$382.94
  [8225/8442] compiled=8188 failed=37 unspecified=467 cost=$384.11
  [8250/8442] compiled=8213 failed=37 unspecified=477 cost=$385.29
  [checkpoint] 8213 real Check objects written to /Users/gordonchan/Workspace/demo-sites/mortgage-qc-prod/p0/compile_runs/run_008_comprehensive_8442/ruleset_checkpoint.json
  [8275/8442] compiled=8237 failed=38 unspecified=480 cost=$386.46
  [8300/8442] compiled=8262 failed=38 unspecified=483 cost=$387.63
  [8325/8442] compiled=8287 failed=38 unspecified=485 cost=$388.81
  [8350/8442] compiled=8312 failed=38 unspecified=487 cost=$389.98
  [8375/8442] compiled=8337 failed=38 unspecified=489 cost=$391.15
  [8400/8442] compiled=8362 failed=38 unspecified=491 cost=$392.32
  [8425/8442] compiled=8387 failed=38 unspecified=494 cost=$393.48
  [8442/8442] compiled=8404 failed=38 unspecified=495 cost=$394.28
  [checkpoint] 8404 real Check objects written to /Users/gordonchan/Workspace/demo-sites/mortgage-qc-prod/p0/compile_runs/run_008_comprehensive_8442/ruleset_checkpoint.json
{
  "total_rows": 8442,
  "checks_compiled": 8404,
  "failed": 38,
  "unspecified_thresholds": 495,
  "real_cost": 394.28
}

Elapsed: 69.6 min

[written] /Users/gordonchan/Workspace/demo-sites/mortgage-qc-prod/p0/compile_runs/run_008_comprehensive_8442/RESULTS.md
[written] 8404 real Check objects to /Users/gordonchan/Workspace/demo-sites/mortgage-qc-prod/p0/compile_runs/run_008_comprehensive_8442/ruleset.json (5.8 MB)
