
Loaded 8442 rows (all programs, all sheets).
Compiling with 20 parallel workers.

  [25/8442] compiled=25 failed=0 unspecified=0 cost=$1.14
  [50/8442] compiled=50 failed=0 unspecified=0 cost=$2.30
  [75/8442] compiled=75 failed=0 unspecified=5 cost=$3.47
  [100/8442] compiled=100 failed=0 unspecified=5 cost=$4.62
  [125/8442] compiled=125 failed=0 unspecified=6 cost=$5.77
  [150/8442] compiled=150 failed=0 unspecified=6 cost=$6.93
  [175/8442] compiled=175 failed=0 unspecified=6 cost=$8.08
  [200/8442] compiled=200 failed=0 unspecified=8 cost=$9.24
  [225/8442] compiled=225 failed=0 unspecified=15 cost=$10.40
  [250/8442] compiled=249 failed=1 unspecified=17 cost=$11.54
  [checkpoint] 249 real Check objects + applicability written
  [275/8442] compiled=274 failed=1 unspecified=18 cost=$12.70
  [300/8442] compiled=299 failed=1 unspecified=18 cost=$13.85
  [325/8442] compiled=324 failed=1 unspecified=18 cost=$15.02
  [350/8442] compiled=349 failed=1 unspecified=18 cost=$16.20
  [375/8442] compiled=374 failed=1 unspecified=18 cost=$17.37
  [400/8442] compiled=399 failed=1 unspecified=18 cost=$18.55
  [425/8442] compiled=424 failed=1 unspecified=18 cost=$19.71
  [450/8442] compiled=449 failed=1 unspecified=19 cost=$20.87
  [475/8442] compiled=474 failed=1 unspecified=21 cost=$22.03
  [500/8442] compiled=499 failed=1 unspecified=21 cost=$23.20
  [checkpoint] 499 real Check objects + applicability written
  [525/8442] compiled=524 failed=1 unspecified=22 cost=$24.36
  [550/8442] compiled=549 failed=1 unspecified=22 cost=$25.52
  [575/8442] compiled=574 failed=1 unspecified=23 cost=$26.69
  [600/8442] compiled=599 failed=1 unspecified=23 cost=$27.84
  [625/8442] compiled=624 failed=1 unspecified=23 cost=$28.98
  [650/8442] compiled=649 failed=1 unspecified=23 cost=$30.13
  [675/8442] compiled=674 failed=1 unspecified=24 cost=$31.29
  [700/8442] compiled=699 failed=1 unspecified=25 cost=$32.45
  [725/8442] compiled=724 failed=1 unspecified=25 cost=$33.60
  [750/8442] compiled=749 failed=1 unspecified=25 cost=$34.75
  [checkpoint] 749 real Check objects + applicability written
  [775/8442] compiled=774 failed=1 unspecified=27 cost=$35.90
  [800/8442] compiled=799 failed=1 unspecified=27 cost=$37.04
  [825/8442] compiled=824 failed=1 unspecified=33 cost=$38.23
  [850/8442] compiled=849 failed=1 unspecified=38 cost=$39.40
  [875/8442] compiled=874 failed=1 unspecified=39 cost=$40.56
  [900/8442] compiled=899 failed=1 unspecified=39 cost=$41.72
  [925/8442] compiled=924 failed=1 unspecified=39 cost=$42.88
  [950/8442] compiled=949 failed=1 unspecified=39 cost=$44.04
  [975/8442] compiled=973 failed=2 unspecified=40 cost=$45.20
  [1000/8442] compiled=998 failed=2 unspecified=40 cost=$46.37
  [checkpoint] 998 real Check objects + applicability written
  [1025/8442] compiled=1022 failed=3 unspecified=40 cost=$47.53
  [1050/8442] compiled=1047 failed=3 unspecified=40 cost=$48.69
  [1075/8442] compiled=1072 failed=3 unspecified=40 cost=$49.84
  [1100/8442] compiled=1097 failed=3 unspecified=40 cost=$50.98
  [1125/8442] compiled=1122 failed=3 unspecified=40 cost=$52.13
  [1150/8442] compiled=1147 failed=3 unspecified=40 cost=$53.28
  [1175/8442] compiled=1172 failed=3 unspecified=40 cost=$54.44
  [1200/8442] compiled=1197 failed=3 unspecified=40 cost=$55.59
  [1225/8442] compiled=1222 failed=3 unspecified=40 cost=$56.73
  [1250/8442] compiled=1247 failed=3 unspecified=40 cost=$57.87
  [checkpoint] 1247 real Check objects + applicability written
  [1275/8442] compiled=1272 failed=3 unspecified=40 cost=$59.03
  [1300/8442] compiled=1296 failed=4 unspecified=40 cost=$60.19
  [1325/8442] compiled=1321 failed=4 unspecified=42 cost=$61.35
  [1350/8442] compiled=1346 failed=4 unspecified=43 cost=$62.51
  [1375/8442] compiled=1371 failed=4 unspecified=44 cost=$63.68
  [1400/8442] compiled=1396 failed=4 unspecified=45 cost=$64.84
  [1425/8442] compiled=1421 failed=4 unspecified=47 cost=$66.03
  [1450/8442] compiled=1446 failed=4 unspecified=51 cost=$67.20
  [1475/8442] compiled=1471 failed=4 unspecified=53 cost=$68.37
  [1500/8442] compiled=1496 failed=4 unspecified=54 cost=$69.54
  [checkpoint] 1496 real Check objects + applicability written
  [1525/8442] compiled=1521 failed=4 unspecified=54 cost=$70.71
  [1550/8442] compiled=1546 failed=4 unspecified=55 cost=$71.87
  [1575/8442] compiled=1571 failed=4 unspecified=56 cost=$73.05
  [1600/8442] compiled=1596 failed=4 unspecified=57 cost=$74.22
  [1625/8442] compiled=1620 failed=5 unspecified=57 cost=$75.39
  [1650/8442] compiled=1644 failed=6 unspecified=58 cost=$76.54
  [1675/8442] compiled=1668 failed=7 unspecified=59 cost=$77.71
  [1700/8442] compiled=1693 failed=7 unspecified=59 cost=$78.87
  [1725/8442] compiled=1718 failed=7 unspecified=60 cost=$80.03
  [1750/8442] compiled=1743 failed=7 unspecified=62 cost=$81.20
  [checkpoint] 1743 real Check objects + applicability written
  [1775/8442] compiled=1768 failed=7 unspecified=68 cost=$82.39
  [1800/8442] compiled=1792 failed=8 unspecified=72 cost=$83.56
  [1825/8442] compiled=1817 failed=8 unspecified=74 cost=$84.74
  [1850/8442] compiled=1841 failed=9 unspecified=78 cost=$85.91
  [1875/8442] compiled=1866 failed=9 unspecified=82 cost=$87.08
  [1900/8442] compiled=1891 failed=9 unspecified=86 cost=$88.25
  [1925/8442] compiled=1916 failed=9 unspecified=89 cost=$89.43
  [1950/8442] compiled=1941 failed=9 unspecified=95 cost=$90.58
  [1975/8442] compiled=1965 failed=10 unspecified=99 cost=$91.76
  [2000/8442] compiled=1990 failed=10 unspecified=102 cost=$92.94
  [checkpoint] 1990 real Check objects + applicability written
  [2025/8442] compiled=2015 failed=10 unspecified=103 cost=$94.12
  [2050/8442] compiled=2039 failed=11 unspecified=105 cost=$95.30
  [2075/8442] compiled=2064 failed=11 unspecified=107 cost=$96.47
  [2100/8442] compiled=2088 failed=12 unspecified=109 cost=$97.64
  [2125/8442] compiled=2113 failed=12 unspecified=110 cost=$98.80
  [2150/8442] compiled=2138 failed=12 unspecified=110 cost=$99.97
  [2175/8442] compiled=2163 failed=12 unspecified=110 cost=$101.13
  [2200/8442] compiled=2188 failed=12 unspecified=111 cost=$102.29
  [2225/8442] compiled=2213 failed=12 unspecified=113 cost=$103.47
  [2250/8442] compiled=2237 failed=13 unspecified=113 cost=$104.64
  [checkpoint] 2237 real Check objects + applicability written
  [2275/8442] compiled=2261 failed=14 unspecified=113 cost=$105.82
  [2300/8442] compiled=2286 failed=14 unspecified=113 cost=$106.99
  [2325/8442] compiled=2310 failed=15 unspecified=114 cost=$108.15
  [2350/8442] compiled=2335 failed=15 unspecified=115 cost=$109.33
  [2375/8442] compiled=2360 failed=15 unspecified=116 cost=$110.49
  [2400/8442] compiled=2385 failed=15 unspecified=118 cost=$111.65
  [2425/8442] compiled=2410 failed=15 unspecified=119 cost=$112.82
  [2450/8442] compiled=2435 failed=15 unspecified=121 cost=$113.97
  [2475/8442] compiled=2460 failed=15 unspecified=122 cost=$115.12
  [2500/8442] compiled=2485 failed=15 unspecified=124 cost=$116.30
  [checkpoint] 2485 real Check objects + applicability written
  [2525/8442] compiled=2510 failed=15 unspecified=125 cost=$117.46
  [2550/8442] compiled=2535 failed=15 unspecified=126 cost=$118.61
  [2575/8442] compiled=2560 failed=15 unspecified=126 cost=$119.80
  [2600/8442] compiled=2585 failed=15 unspecified=127 cost=$120.99
  [2625/8442] compiled=2610 failed=15 unspecified=128 cost=$122.17
  [2650/8442] compiled=2635 failed=15 unspecified=130 cost=$123.34
  [2675/8442] compiled=2660 failed=15 unspecified=134 cost=$124.51
  [2700/8442] compiled=2685 failed=15 unspecified=135 cost=$125.68
  [2725/8442] compiled=2709 failed=16 unspecified=136 cost=$126.85
  [2750/8442] compiled=2734 failed=16 unspecified=138 cost=$128.01
  [checkpoint] 2734 real Check objects + applicability written
  [2775/8442] compiled=2759 failed=16 unspecified=139 cost=$129.19
  [2800/8442] compiled=2784 failed=16 unspecified=139 cost=$130.35
  [2825/8442] compiled=2809 failed=16 unspecified=140 cost=$131.51
  [2850/8442] compiled=2834 failed=16 unspecified=141 cost=$132.68
  [2875/8442] compiled=2858 failed=17 unspecified=142 cost=$133.86
  [2900/8442] compiled=2883 failed=17 unspecified=144 cost=$135.02
  [2925/8442] compiled=2908 failed=17 unspecified=144 cost=$136.19
  [2950/8442] compiled=2933 failed=17 unspecified=145 cost=$137.36
  [2975/8442] compiled=2958 failed=17 unspecified=145 cost=$138.53
  [3000/8442] compiled=2983 failed=17 unspecified=146 cost=$139.71
  [checkpoint] 2983 real Check objects + applicability written
  [3025/8442] compiled=3008 failed=17 unspecified=147 cost=$140.87
  [3050/8442] compiled=3033 failed=17 unspecified=147 cost=$142.04
  [3075/8442] compiled=3058 failed=17 unspecified=147 cost=$143.20
  [3100/8442] compiled=3083 failed=17 unspecified=148 cost=$144.36
  [3125/8442] compiled=3108 failed=17 unspecified=149 cost=$145.52
  [3150/8442] compiled=3133 failed=17 unspecified=150 cost=$146.68
  [3175/8442] compiled=3158 failed=17 unspecified=151 cost=$147.83
  [3200/8442] compiled=3183 failed=17 unspecified=151 cost=$148.99
  [3225/8442] compiled=3207 failed=18 unspecified=151 cost=$150.15
  [3250/8442] compiled=3232 failed=18 unspecified=156 cost=$151.32
  [checkpoint] 3232 real Check objects + applicability written
  [3275/8442] compiled=3257 failed=18 unspecified=158 cost=$152.48
  [3300/8442] compiled=3282 failed=18 unspecified=159 cost=$153.63
  [3325/8442] compiled=3307 failed=18 unspecified=159 cost=$154.80
  [3350/8442] compiled=3332 failed=18 unspecified=159 cost=$155.96
  [3375/8442] compiled=3357 failed=18 unspecified=159 cost=$157.11
  [3400/8442] compiled=3382 failed=18 unspecified=159 cost=$158.27
  [3425/8442] compiled=3407 failed=18 unspecified=159 cost=$159.43
  [3450/8442] compiled=3431 failed=19 unspecified=161 cost=$160.58
  [3475/8442] compiled=3455 failed=20 unspecified=163 cost=$161.75
  [3500/8442] compiled=3480 failed=20 unspecified=168 cost=$162.94
  [checkpoint] 3480 real Check objects + applicability written
  [3525/8442] compiled=3503 failed=22 unspecified=172 cost=$164.12
  [3550/8442] compiled=3528 failed=22 unspecified=175 cost=$165.30
  [3575/8442] compiled=3552 failed=23 unspecified=176 cost=$166.46
  [3600/8442] compiled=3577 failed=23 unspecified=181 cost=$167.64
  [3625/8442] compiled=3602 failed=23 unspecified=183 cost=$168.82
  [3650/8442] compiled=3627 failed=23 unspecified=184 cost=$170.00
  [3675/8442] compiled=3652 failed=23 unspecified=187 cost=$171.18
  [3700/8442] compiled=3677 failed=23 unspecified=188 cost=$172.36
  [3725/8442] compiled=3702 failed=23 unspecified=190 cost=$173.54
  [3750/8442] compiled=3727 failed=23 unspecified=194 cost=$174.72
  [checkpoint] 3727 real Check objects + applicability written
  [3775/8442] compiled=3752 failed=23 unspecified=195 cost=$175.90
  [3800/8442] compiled=3777 failed=23 unspecified=197 cost=$177.08
  [3825/8442] compiled=3802 failed=23 unspecified=198 cost=$178.25
  [3850/8442] compiled=3827 failed=23 unspecified=200 cost=$179.42
  [3875/8442] compiled=3852 failed=23 unspecified=202 cost=$180.59
  [3900/8442] compiled=3877 failed=23 unspecified=203 cost=$181.78
  [3925/8442] compiled=3902 failed=23 unspecified=205 cost=$182.96
  [3950/8442] compiled=3927 failed=23 unspecified=207 cost=$184.14
  [3975/8442] compiled=3952 failed=23 unspecified=209 cost=$185.32
  [4000/8442] compiled=3977 failed=23 unspecified=211 cost=$186.49
  [checkpoint] 3977 real Check objects + applicability written
  [4025/8442] compiled=4002 failed=23 unspecified=211 cost=$187.67
  [4050/8442] compiled=4027 failed=23 unspecified=213 cost=$188.87
  [4075/8442] compiled=4052 failed=23 unspecified=213 cost=$190.04
  [4100/8442] compiled=4077 failed=23 unspecified=214 cost=$191.22
  [4125/8442] compiled=4102 failed=23 unspecified=216 cost=$192.39
  [4150/8442] compiled=4127 failed=23 unspecified=216 cost=$193.55
  [4175/8442] compiled=4152 failed=23 unspecified=216 cost=$194.72
  [4200/8442] compiled=4177 failed=23 unspecified=216 cost=$195.88
  [4225/8442] compiled=4202 failed=23 unspecified=216 cost=$197.04
  [4250/8442] compiled=4227 failed=23 unspecified=216 cost=$198.21
  [checkpoint] 4227 real Check objects + applicability written
  [4275/8442] compiled=4252 failed=23 unspecified=216 cost=$199.36
  [4300/8442] compiled=4277 failed=23 unspecified=218 cost=$200.53
  [4325/8442] compiled=4302 failed=23 unspecified=219 cost=$201.68
  [4350/8442] compiled=4326 failed=24 unspecified=219 cost=$202.85
  [4375/8442] compiled=4351 failed=24 unspecified=219 cost=$204.03
  [4400/8442] compiled=4376 failed=24 unspecified=221 cost=$205.19
  [4425/8442] compiled=4401 failed=24 unspecified=221 cost=$206.36
  [4450/8442] compiled=4426 failed=24 unspecified=221 cost=$207.53
  [4475/8442] compiled=4451 failed=24 unspecified=221 cost=$208.69
  [4500/8442] compiled=4475 failed=25 unspecified=221 cost=$209.86
  [checkpoint] 4475 real Check objects + applicability written
  [4525/8442] compiled=4500 failed=25 unspecified=221 cost=$211.03
  [4550/8442] compiled=4525 failed=25 unspecified=221 cost=$212.19
  [4575/8442] compiled=4550 failed=25 unspecified=221 cost=$213.35
  [4600/8442] compiled=4575 failed=25 unspecified=221 cost=$214.52
  [4625/8442] compiled=4600 failed=25 unspecified=221 cost=$215.68
  [4650/8442] compiled=4625 failed=25 unspecified=222 cost=$216.85
  [4675/8442] compiled=4650 failed=25 unspecified=224 cost=$218.02
  [4700/8442] compiled=4675 failed=25 unspecified=226 cost=$219.19
  [4725/8442] compiled=4700 failed=25 unspecified=230 cost=$220.35
  [4750/8442] compiled=4725 failed=25 unspecified=234 cost=$221.52
  [checkpoint] 4725 real Check objects + applicability written
  [4775/8442] compiled=4750 failed=25 unspecified=238 cost=$222.69
  [4800/8442] compiled=4775 failed=25 unspecified=239 cost=$223.85
  [4825/8442] compiled=4800 failed=25 unspecified=239 cost=$225.02
  [4850/8442] compiled=4825 failed=25 unspecified=241 cost=$226.20
  [4875/8442] compiled=4850 failed=25 unspecified=244 cost=$227.36
  [4900/8442] compiled=4875 failed=25 unspecified=257 cost=$228.54
  [4925/8442] compiled=4900 failed=25 unspecified=261 cost=$229.72
  [4950/8442] compiled=4925 failed=25 unspecified=264 cost=$230.89
  [4975/8442] compiled=4950 failed=25 unspecified=266 cost=$232.06
  [5000/8442] compiled=4975 failed=25 unspecified=268 cost=$233.24
  [checkpoint] 4975 real Check objects + applicability written
  [5025/8442] compiled=5000 failed=25 unspecified=269 cost=$234.40
  [5050/8442] compiled=5025 failed=25 unspecified=272 cost=$235.57
  [error] row_id=USDA-00464: ClientError: An error occurred (InvalidSignatureException) when calling the Converse operation: Signature expired: 20260723T073132Z is now earlier than 20260723T074235Z (20260723T074735Z - 5 min.)
  [5075/8442] compiled=5049 failed=26 unspecified=272 cost=$236.69
  [5100/8442] compiled=5074 failed=26 unspecified=274 cost=$237.86
  [5125/8442] compiled=5099 failed=26 unspecified=275 cost=$239.01
  [5150/8442] compiled=5124 failed=26 unspecified=275 cost=$240.17
  [5175/8442] compiled=5149 failed=26 unspecified=275 cost=$241.32
  [5200/8442] compiled=5174 failed=26 unspecified=277 cost=$242.50
  [5225/8442] compiled=5199 failed=26 unspecified=279 cost=$243.66
  [5250/8442] compiled=5224 failed=26 unspecified=280 cost=$244.82
  [checkpoint] 5224 real Check objects + applicability written
  [5275/8442] compiled=5249 failed=26 unspecified=280 cost=$246.00
  [5300/8442] compiled=5274 failed=26 unspecified=284 cost=$247.18
  [5325/8442] compiled=5299 failed=26 unspecified=286 cost=$248.35
  [5350/8442] compiled=5324 failed=26 unspecified=287 cost=$249.52
  [5375/8442] compiled=5349 failed=26 unspecified=288 cost=$250.69
  [5400/8442] compiled=5374 failed=26 unspecified=289 cost=$251.85
  [5425/8442] compiled=5399 failed=26 unspecified=290 cost=$253.02
  [5450/8442] compiled=5424 failed=26 unspecified=292 cost=$254.19
  [5475/8442] compiled=5449 failed=26 unspecified=297 cost=$255.37
  [5500/8442] compiled=5473 failed=27 unspecified=305 cost=$256.56
  [checkpoint] 5473 real Check objects + applicability written
  [5525/8442] compiled=5498 failed=27 unspecified=305 cost=$257.73
  [5550/8442] compiled=5522 failed=28 unspecified=310 cost=$258.91
  [5575/8442] compiled=5547 failed=28 unspecified=313 cost=$260.08
  [5600/8442] compiled=5572 failed=28 unspecified=317 cost=$261.26
  [5625/8442] compiled=5597 failed=28 unspecified=320 cost=$262.43
  [5650/8442] compiled=5621 failed=29 unspecified=325 cost=$263.61
  [5675/8442] compiled=5645 failed=30 unspecified=327 cost=$264.76
  [5700/8442] compiled=5670 failed=30 unspecified=331 cost=$265.94
  [5725/8442] compiled=5695 failed=30 unspecified=332 cost=$267.12
  [5750/8442] compiled=5720 failed=30 unspecified=335 cost=$268.29
  [checkpoint] 5720 real Check objects + applicability written
  [5775/8442] compiled=5745 failed=30 unspecified=338 cost=$269.47
  [5800/8442] compiled=5770 failed=30 unspecified=338 cost=$270.64
  [5825/8442] compiled=5795 failed=30 unspecified=340 cost=$271.80
  [5850/8442] compiled=5820 failed=30 unspecified=340 cost=$272.97
  [5875/8442] compiled=5844 failed=31 unspecified=341 cost=$274.13
  [5900/8442] compiled=5869 failed=31 unspecified=342 cost=$275.29
  [5925/8442] compiled=5894 failed=31 unspecified=344 cost=$276.45
  [5950/8442] compiled=5918 failed=32 unspecified=344 cost=$277.62
  [5975/8442] compiled=5943 failed=32 unspecified=345 cost=$278.80
  [6000/8442] compiled=5968 failed=32 unspecified=345 cost=$279.96
  [checkpoint] 5968 real Check objects + applicability written
  [6025/8442] compiled=5993 failed=32 unspecified=346 cost=$281.13
  [6050/8442] compiled=6018 failed=32 unspecified=347 cost=$282.28
  [6075/8442] compiled=6043 failed=32 unspecified=350 cost=$283.44
